2026-09-26 21:47:21,478 [INFO] Starting Fast Memory-Safe Master Audit...
2026-09-26 21:47:21,479 [INFO] PASS: All 7 original TSV files physically verified intact.
2026-09-26 21:47:21,479 [INFO] PASS: All 6 Phase 2 cleaned TSV files physically verified intact.
2026-09-26 21:47:21,479 [INFO] Loading Ground Truth into memory...
2026-09-26 21:47:26,291 [INFO] Loaded GT for 2,083,574 S1 entities containing 7,638,365 total true match pairs.
2026-09-26 21:47:26,291 [INFO] Streaming candidate_pairs_train.tsv line-by-line...
2026-09-26 21:48:24,918 [INFO] Verified candidate_pairs_train.tsv: 2,206,821 rows.
2026-09-26 21:48:24,918 [INFO] Training Ground Truth Pair Recall: 78.1184%
2026-09-26 21:48:24,918 [INFO] Training Ground Truth S1 Coverage: 59.1354%
2026-09-26 21:48:24,918 [INFO] Streaming candidate_pairs_test.tsv line-by-line...
2026-09-26 21:48:52,399 [INFO] Verified candidate_pairs_test.tsv: 1,732,544 rows.
2026-09-26 21:48:52,896 [INFO] Generating GO1_FINAL_AUDIT.md, GO1_FINAL_SUMMARY.json, and GO2_HANDOFF.md...
2026-09-26 21:48:52,898 [INFO] ==================================================
2026-09-26 21:48:52,898 [INFO] GO1 FAST MASTER AUDIT AUTOMATIC CHECKLIST
2026-09-26 21:48:52,898 [INFO] ==================================================
2026-09-26 21:48:52,898 [INFO] [PASS] Original 7 TSV files safe
2026-09-26 21:48:52,898 [INFO] [PASS] Phase 2 cleaned datasets verified
2026-09-26 21:48:52,898 [INFO] [PASS] Training candidate file exists & valid
2026-09-26 21:48:52,898 [INFO] [PASS] Test candidate file exists & valid
2026-09-26 21:48:52,898 [INFO] [PASS] Training S1 count matches expected
2026-09-26 21:48:52,898 [INFO] [PASS] Test S1 count matches expected
2026-09-26 21:48:52,898 [INFO] [PASS] Every training S1 has exactly one candidate row
2026-09-26 21:48:52,898 [INFO] [PASS] Every test S1 has exactly one candidate row
2026-09-26 21:48:52,898 [INFO] [PASS] No duplicate S1 IDs
2026-09-26 21:48:52,898 [INFO] [PASS] No duplicate candidate IDs within S1
2026-09-26 21:48:52,898 [INFO] [PASS] No S1 IDs appear as candidates
2026-09-26 21:48:52,898 [INFO] [PASS] No invalid candidate IDs
2026-09-26 21:48:52,898 [INFO] [PASS] Ground truth recall calculated
2026-09-26 21:48:52,898 [INFO] [PASS] S1 coverage calculated
2026-09-26 21:48:52,898 [INFO] [PASS] Reports created
2026-09-26 21:48:52,898 [INFO] [PASS] Handoff documents created
2026-09-26 21:48:52,898 [INFO] ==================================================
2026-09-26 21:48:52,898 [INFO] Audit completed in 91.42s!
2026-09-26 21:48:52,898 [INFO] ALL AUDIT CHECKS PASSED SUCCESSFULLY!
