2026-09-26 09:30:49,194 [INFO] Starting Master Final Go1 Pipeline...
2026-09-26 09:30:49,194 [INFO] === STEP 1: VERIFYING PHASE 1 AUDIT AND PHASE 2 CLEANED DATASETS ===
2026-09-26 09:30:49,194 [INFO] All 7 original TSV files physically verified intact.
2026-09-26 09:30:49,194 [INFO] All 6 Phase 2 cleaned TSV files physically verified intact.
2026-09-26 09:30:49,194 [INFO] === STEP 2: GENERATING EVIDENCE-RANKED TRAINING CANDIDATES ===
2026-09-26 09:30:49,197 [INFO] Loading clean_train_source2.tsv and clean_train_source3.tsv...
2026-09-26 09:31:19,750 [INFO] Building Evidence Blocking Inverted Indexes...
2026-09-26 09:57:10,538 [INFO] Training Evidence Index Built in 1550.77s.
2026-09-26 10:00:08,579 [INFO] Loading Ground Truth from /Users/swapnil/Documents/ML/student_resource/dataset/train/train_ground_truth.tsv...
2026-09-26 10:00:32,807 [INFO] Loaded GT for 2,083,574 S1 entities containing 7,638,365 total true match pairs.
2026-09-26 10:00:32,865 [INFO] Streaming clean_train_source1.tsv with Evidence Ranking...
2026-09-26 10:00:34,017 [INFO] Processing Training Chunk 1 (rows 0 to 100,000)...
2026-09-26 10:27:42,879 [INFO] Chunk 1 done. Total processed: 100,000 S1 entities.
2026-09-26 10:27:43,604 [INFO] Processing Training Chunk 2 (rows 100,000 to 200,000)...
2026-09-26 10:56:20,784 [INFO] Chunk 2 done. Total processed: 200,000 S1 entities.
2026-09-26 10:56:21,819 [INFO] Processing Training Chunk 3 (rows 200,000 to 300,000)...
2026-09-26 11:22:03,758 [INFO] Chunk 3 done. Total processed: 300,000 S1 entities.
2026-09-26 11:22:04,483 [INFO] Processing Training Chunk 4 (rows 300,000 to 400,000)...
2026-09-26 11:51:05,544 [INFO] Chunk 4 done. Total processed: 400,000 S1 entities.
2026-09-26 11:51:06,435 [INFO] Processing Training Chunk 5 (rows 400,000 to 500,000)...
2026-09-26 12:19:57,813 [INFO] Chunk 5 done. Total processed: 500,000 S1 entities.
2026-09-26 12:19:59,156 [INFO] Processing Training Chunk 6 (rows 500,000 to 600,000)...
2026-09-26 12:48:32,576 [INFO] Chunk 6 done. Total processed: 600,000 S1 entities.
2026-09-26 12:48:33,489 [INFO] Processing Training Chunk 7 (rows 600,000 to 700,000)...
2026-09-26 13:17:21,279 [INFO] Chunk 7 done. Total processed: 700,000 S1 entities.
2026-09-26 13:17:23,202 [INFO] Processing Training Chunk 8 (rows 700,000 to 800,000)...
2026-09-26 13:47:59,049 [INFO] Chunk 8 done. Total processed: 800,000 S1 entities.
2026-09-26 13:47:59,954 [INFO] Processing Training Chunk 9 (rows 800,000 to 900,000)...
2026-09-26 14:24:50,679 [INFO] Chunk 9 done. Total processed: 900,000 S1 entities.
2026-09-26 14:24:51,545 [INFO] Processing Training Chunk 10 (rows 900,000 to 1,000,000)...
2026-09-26 14:56:13,220 [INFO] Chunk 10 done. Total processed: 1,000,000 S1 entities.
2026-09-26 14:56:14,259 [INFO] Processing Training Chunk 11 (rows 1,000,000 to 1,100,000)...
2026-09-26 15:27:17,285 [INFO] Chunk 11 done. Total processed: 1,100,000 S1 entities.
2026-09-26 15:27:18,404 [INFO] Processing Training Chunk 12 (rows 1,100,000 to 1,200,000)...
2026-09-26 15:58:41,647 [INFO] Chunk 12 done. Total processed: 1,200,000 S1 entities.
2026-09-26 15:58:42,548 [INFO] Processing Training Chunk 13 (rows 1,200,000 to 1,300,000)...
2026-09-26 16:29:43,089 [INFO] Chunk 13 done. Total processed: 1,300,000 S1 entities.
2026-09-26 16:29:43,987 [INFO] Processing Training Chunk 14 (rows 1,300,000 to 1,400,000)...
2026-09-26 16:59:44,968 [INFO] Chunk 14 done. Total processed: 1,400,000 S1 entities.
2026-09-26 16:59:45,797 [INFO] Processing Training Chunk 15 (rows 1,400,000 to 1,500,000)...
2026-09-26 17:31:28,703 [INFO] Chunk 15 done. Total processed: 1,500,000 S1 entities.
2026-09-26 17:31:29,908 [INFO] Processing Training Chunk 16 (rows 1,500,000 to 1,600,000)...
2026-09-26 18:01:40,270 [INFO] Chunk 16 done. Total processed: 1,600,000 S1 entities.
2026-09-26 18:01:41,327 [INFO] Processing Training Chunk 17 (rows 1,600,000 to 1,700,000)...
2026-09-26 18:31:17,172 [INFO] Chunk 17 done. Total processed: 1,700,000 S1 entities.
2026-09-26 18:31:18,763 [INFO] Processing Training Chunk 18 (rows 1,700,000 to 1,800,000)...
2026-09-26 19:00:32,024 [INFO] Chunk 18 done. Total processed: 1,800,000 S1 entities.
2026-09-26 19:00:33,102 [INFO] Processing Training Chunk 19 (rows 1,800,000 to 1,900,000)...
2026-09-26 19:28:50,100 [INFO] Chunk 19 done. Total processed: 1,900,000 S1 entities.
2026-09-26 19:28:51,042 [INFO] Processing Training Chunk 20 (rows 1,900,000 to 2,000,000)...
2026-09-26 19:57:22,331 [INFO] Chunk 20 done. Total processed: 2,000,000 S1 entities.
2026-09-26 19:57:23,384 [INFO] Processing Training Chunk 21 (rows 2,000,000 to 2,100,000)...
2026-09-26 20:24:54,492 [INFO] Chunk 21 done. Total processed: 2,100,000 S1 entities.
2026-09-26 20:24:55,472 [INFO] Processing Training Chunk 22 (rows 2,100,000 to 2,200,000)...
