2026-09-26 02:55:32,399 [INFO] Starting Phase 3 Blocking and Candidate Generation...
2026-09-26 02:55:32,399 [INFO] Input Cleaned Directory: /Users/swapnil/Documents/ML/go1_output/phase_2_cleaning/cleaned
2026-09-26 02:55:32,399 [INFO] === STEP 1: PROCESSING TRAINING SET ===
2026-09-26 02:55:32,399 [INFO] Loading clean_train_source1.tsv...
2026-09-26 02:55:38,015 [INFO] Loaded 2,206,821 Training S1 entities.
2026-09-26 02:55:38,015 [INFO] Loading clean_train_source2.tsv and clean_train_source3.tsv...
2026-09-26 02:56:08,709 [INFO] Loaded 5,034,616 S2 and 5,285,603 S3 candidate entities.
2026-09-26 02:56:08,710 [INFO] Building Training Blocking Inverted Indexes...
2026-09-26 02:59:21,315 [INFO] Training Index Built in 192.61s.
2026-09-26 02:59:21,316 [INFO] Generating Candidates for Training S1 entities...
2026-09-26 03:12:00,996 [INFO] Starting Phase 3 Blocking and Candidate Generation...
2026-09-26 03:12:00,996 [INFO] Input Cleaned Directory: /Users/swapnil/Documents/ML/go1_output/phase_2_cleaning/cleaned
2026-09-26 03:12:00,996 [INFO] === STEP 1: PROCESSING TRAINING SET ===
2026-09-26 03:12:00,996 [INFO] Loading clean_train_source2.tsv and clean_train_source3.tsv...
2026-09-26 03:12:30,486 [INFO] Loaded 5,034,616 S2 and 5,285,603 S3 candidate entities.
2026-09-26 03:12:32,700 [INFO] Building Training Blocking Inverted Indexes...
2026-09-26 03:15:36,475 [INFO] Training Index Built in 183.77s.
2026-09-26 03:15:41,128 [INFO] Loading Ground Truth from /Users/swapnil/Documents/ML/student_resource/dataset/train/train_ground_truth.tsv...
2026-09-26 03:15:49,175 [INFO] Loaded GT for 2,083,574 S1 entities containing 7,638,365 total true match pairs.
2026-09-26 03:15:49,199 [INFO] Streaming clean_train_source1.tsv...
2026-09-26 03:15:49,472 [INFO] Processing Training Chunk 1 (rows 0 to 100,000)...
2026-09-26 03:16:05,535 [INFO] Chunk 1 done. Total processed: 100,000 S1 entities.
2026-09-26 03:16:05,787 [INFO] Processing Training Chunk 2 (rows 100,000 to 200,000)...
2026-09-26 03:16:21,657 [INFO] Chunk 2 done. Total processed: 200,000 S1 entities.
2026-09-26 03:16:21,922 [INFO] Processing Training Chunk 3 (rows 200,000 to 300,000)...
2026-09-26 03:16:38,044 [INFO] Chunk 3 done. Total processed: 300,000 S1 entities.
2026-09-26 03:16:38,316 [INFO] Processing Training Chunk 4 (rows 300,000 to 400,000)...
2026-09-26 03:16:55,824 [INFO] Chunk 4 done. Total processed: 400,000 S1 entities.
2026-09-26 03:16:56,112 [INFO] Processing Training Chunk 5 (rows 400,000 to 500,000)...
2026-09-26 03:18:26,439 [INFO] Chunk 5 done. Total processed: 500,000 S1 entities.
2026-09-26 03:18:26,717 [INFO] Processing Training Chunk 6 (rows 500,000 to 600,000)...
2026-09-26 03:18:44,874 [INFO] Chunk 6 done. Total processed: 600,000 S1 entities.
2026-09-26 03:18:45,148 [INFO] Processing Training Chunk 7 (rows 600,000 to 700,000)...
2026-09-26 03:19:03,260 [INFO] Chunk 7 done. Total processed: 700,000 S1 entities.
2026-09-26 03:19:03,521 [INFO] Processing Training Chunk 8 (rows 700,000 to 800,000)...
2026-09-26 03:19:21,404 [INFO] Chunk 8 done. Total processed: 800,000 S1 entities.
2026-09-26 03:19:21,692 [INFO] Processing Training Chunk 9 (rows 800,000 to 900,000)...
2026-09-26 03:19:39,621 [INFO] Chunk 9 done. Total processed: 900,000 S1 entities.
2026-09-26 03:19:39,883 [INFO] Processing Training Chunk 10 (rows 900,000 to 1,000,000)...
2026-09-26 03:19:58,257 [INFO] Chunk 10 done. Total processed: 1,000,000 S1 entities.
2026-09-26 03:19:58,545 [INFO] Processing Training Chunk 11 (rows 1,000,000 to 1,100,000)...
2026-09-26 03:20:18,177 [INFO] Chunk 11 done. Total processed: 1,100,000 S1 entities.
2026-09-26 03:20:18,497 [INFO] Processing Training Chunk 12 (rows 1,100,000 to 1,200,000)...
2026-09-26 04:20:38,228 [INFO] Starting Go1 Phase 3 Candidate Generation & Optimization...
2026-09-26 04:20:38,228 [INFO] === RUNNING PHASE 3F BLOCKING EXPERIMENT BENCHMARKS ===
2026-09-26 04:20:38,235 [INFO] Saved blocking_experiment_log.csv
2026-09-26 04:20:38,235 [INFO] === STEP 1: PROCESSING TRAINING SET ===
2026-09-26 04:20:38,235 [INFO] Loading clean_train_source2.tsv and clean_train_source3.tsv...
2026-09-26 04:21:08,656 [INFO] Loaded 5,034,616 S2 and 5,285,603 S3 candidate entities.
2026-09-26 04:21:08,657 [INFO] Building Training Blocking Inverted Indexes...
2026-09-26 04:24:02,215 [INFO] Training Index Built in 173.56s.
2026-09-26 04:24:05,497 [INFO] Loading Ground Truth from /Users/swapnil/Documents/ML/student_resource/dataset/train/train_ground_truth.tsv...
2026-09-26 04:24:12,729 [INFO] Loaded GT for 2,083,574 S1 entities containing 7,638,365 total true match pairs.
2026-09-26 04:24:12,752 [INFO] Streaming clean_train_source1.tsv...
2026-09-26 04:24:13,044 [INFO] Processing Training Chunk 1 (rows 0 to 100,000)...
2026-09-26 04:24:17,026 [INFO] Chunk 1 done. Total processed: 100,000 S1 entities.
2026-09-26 04:24:17,269 [INFO] Processing Training Chunk 2 (rows 100,000 to 200,000)...
2026-09-26 04:24:21,251 [INFO] Chunk 2 done. Total processed: 200,000 S1 entities.
2026-09-26 04:24:21,489 [INFO] Processing Training Chunk 3 (rows 200,000 to 300,000)...
2026-09-26 04:24:25,471 [INFO] Chunk 3 done. Total processed: 300,000 S1 entities.
2026-09-26 04:24:25,716 [INFO] Processing Training Chunk 4 (rows 300,000 to 400,000)...
2026-09-26 04:24:29,802 [INFO] Chunk 4 done. Total processed: 400,000 S1 entities.
2026-09-26 04:24:30,051 [INFO] Processing Training Chunk 5 (rows 400,000 to 500,000)...
2026-09-26 04:24:34,055 [INFO] Chunk 5 done. Total processed: 500,000 S1 entities.
2026-09-26 04:24:34,300 [INFO] Processing Training Chunk 6 (rows 500,000 to 600,000)...
2026-09-26 04:24:38,262 [INFO] Chunk 6 done. Total processed: 600,000 S1 entities.
2026-09-26 04:24:38,512 [INFO] Processing Training Chunk 7 (rows 600,000 to 700,000)...
2026-09-26 04:24:42,469 [INFO] Chunk 7 done. Total processed: 700,000 S1 entities.
2026-09-26 04:24:42,729 [INFO] Processing Training Chunk 8 (rows 700,000 to 800,000)...
2026-09-26 04:24:46,672 [INFO] Chunk 8 done. Total processed: 800,000 S1 entities.
2026-09-26 04:24:46,910 [INFO] Processing Training Chunk 9 (rows 800,000 to 900,000)...
2026-09-26 04:24:50,855 [INFO] Chunk 9 done. Total processed: 900,000 S1 entities.
2026-09-26 04:24:51,091 [INFO] Processing Training Chunk 10 (rows 900,000 to 1,000,000)...
2026-09-26 04:24:55,052 [INFO] Chunk 10 done. Total processed: 1,000,000 S1 entities.
2026-09-26 04:24:55,301 [INFO] Processing Training Chunk 11 (rows 1,000,000 to 1,100,000)...
2026-09-26 04:24:59,350 [INFO] Chunk 11 done. Total processed: 1,100,000 S1 entities.
2026-09-26 04:24:59,629 [INFO] Processing Training Chunk 12 (rows 1,100,000 to 1,200,000)...
2026-09-26 04:25:03,631 [INFO] Chunk 12 done. Total processed: 1,200,000 S1 entities.
2026-09-26 04:25:03,885 [INFO] Processing Training Chunk 13 (rows 1,200,000 to 1,300,000)...
2026-09-26 04:25:07,984 [INFO] Chunk 13 done. Total processed: 1,300,000 S1 entities.
2026-09-26 04:25:08,235 [INFO] Processing Training Chunk 14 (rows 1,300,000 to 1,400,000)...
2026-09-26 04:25:12,255 [INFO] Chunk 14 done. Total processed: 1,400,000 S1 entities.
2026-09-26 04:25:12,507 [INFO] Processing Training Chunk 15 (rows 1,400,000 to 1,500,000)...
2026-09-26 04:25:16,525 [INFO] Chunk 15 done. Total processed: 1,500,000 S1 entities.
2026-09-26 04:25:16,769 [INFO] Processing Training Chunk 16 (rows 1,500,000 to 1,600,000)...
2026-09-26 04:25:20,822 [INFO] Chunk 16 done. Total processed: 1,600,000 S1 entities.
2026-09-26 04:25:21,059 [INFO] Processing Training Chunk 17 (rows 1,600,000 to 1,700,000)...
2026-09-26 04:25:25,092 [INFO] Chunk 17 done. Total processed: 1,700,000 S1 entities.
2026-09-26 04:25:25,338 [INFO] Processing Training Chunk 18 (rows 1,700,000 to 1,800,000)...
2026-09-26 04:25:29,367 [INFO] Chunk 18 done. Total processed: 1,800,000 S1 entities.
2026-09-26 04:25:29,623 [INFO] Processing Training Chunk 19 (rows 1,800,000 to 1,900,000)...
2026-09-26 04:25:33,669 [INFO] Chunk 19 done. Total processed: 1,900,000 S1 entities.
2026-09-26 04:25:33,920 [INFO] Processing Training Chunk 20 (rows 1,900,000 to 2,000,000)...
2026-09-26 04:25:38,003 [INFO] Chunk 20 done. Total processed: 2,000,000 S1 entities.
2026-09-26 04:25:38,258 [INFO] Processing Training Chunk 21 (rows 2,000,000 to 2,100,000)...
2026-09-26 04:25:42,425 [INFO] Chunk 21 done. Total processed: 2,100,000 S1 entities.
2026-09-26 04:25:42,665 [INFO] Processing Training Chunk 22 (rows 2,100,000 to 2,200,000)...
2026-09-26 04:25:46,710 [INFO] Chunk 22 done. Total processed: 2,200,000 S1 entities.
2026-09-26 04:25:46,733 [INFO] Processing Training Chunk 23 (rows 2,200,000 to 2,206,821)...
2026-09-26 04:25:47,060 [INFO] Chunk 23 done. Total processed: 2,206,821 S1 entities.
2026-09-26 04:25:47,372 [INFO] Training Candidate Generation Completed in 94.62s!
2026-09-26 04:25:47,372 [INFO] Pair-level Recall: 60.5225% | S1-level Coverage: 40.6828%
2026-09-26 04:25:49,994 [INFO] === STEP 2: PROCESSING TEST SET ===
2026-09-26 04:25:49,994 [INFO] Loading clean_test_source2.tsv and clean_test_source3.tsv...
2026-09-26 04:26:22,924 [INFO] Loaded 4,887,273 S2 and 5,082,316 S3 test candidate entities.
2026-09-26 04:26:22,925 [INFO] Building Test Blocking Inverted Indexes...
2026-09-26 04:29:19,585 [INFO] Test Index Built in 176.66s.
2026-09-26 04:29:24,088 [INFO] Streaming clean_test_source1.tsv...
2026-09-26 04:29:24,405 [INFO] Processing Test Chunk 1 (rows 0 to 100,000)...
2026-09-26 04:29:29,589 [INFO] Test Chunk 1 done. Total processed: 100,000 S1 entities.
2026-09-26 04:29:29,871 [INFO] Processing Test Chunk 2 (rows 100,000 to 200,000)...
2026-09-26 04:29:34,634 [INFO] Test Chunk 2 done. Total processed: 200,000 S1 entities.
2026-09-26 04:29:34,924 [INFO] Processing Test Chunk 3 (rows 200,000 to 300,000)...
2026-09-26 04:29:39,961 [INFO] Test Chunk 3 done. Total processed: 300,000 S1 entities.
2026-09-26 04:29:40,243 [INFO] Processing Test Chunk 4 (rows 300,000 to 400,000)...
2026-09-26 04:29:45,182 [INFO] Test Chunk 4 done. Total processed: 400,000 S1 entities.
2026-09-26 04:29:45,455 [INFO] Processing Test Chunk 5 (rows 400,000 to 500,000)...
2026-09-26 04:29:50,367 [INFO] Test Chunk 5 done. Total processed: 500,000 S1 entities.
2026-09-26 04:29:50,652 [INFO] Processing Test Chunk 6 (rows 500,000 to 600,000)...
2026-09-26 04:29:55,944 [INFO] Test Chunk 6 done. Total processed: 600,000 S1 entities.
2026-09-26 04:29:56,235 [INFO] Processing Test Chunk 7 (rows 600,000 to 700,000)...
2026-09-26 04:30:01,772 [INFO] Test Chunk 7 done. Total processed: 700,000 S1 entities.
2026-09-26 04:30:02,053 [INFO] Processing Test Chunk 8 (rows 700,000 to 800,000)...
2026-09-26 04:30:07,353 [INFO] Test Chunk 8 done. Total processed: 800,000 S1 entities.
2026-09-26 04:30:07,616 [INFO] Processing Test Chunk 9 (rows 800,000 to 900,000)...
2026-09-26 04:30:13,014 [INFO] Test Chunk 9 done. Total processed: 900,000 S1 entities.
2026-09-26 04:30:13,303 [INFO] Processing Test Chunk 10 (rows 900,000 to 1,000,000)...
2026-09-26 04:30:18,665 [INFO] Test Chunk 10 done. Total processed: 1,000,000 S1 entities.
2026-09-26 04:30:18,958 [INFO] Processing Test Chunk 11 (rows 1,000,000 to 1,100,000)...
2026-09-26 04:30:24,303 [INFO] Test Chunk 11 done. Total processed: 1,100,000 S1 entities.
2026-09-26 04:30:24,586 [INFO] Processing Test Chunk 12 (rows 1,100,000 to 1,200,000)...
2026-09-26 04:30:29,913 [INFO] Test Chunk 12 done. Total processed: 1,200,000 S1 entities.
2026-09-26 04:30:30,196 [INFO] Processing Test Chunk 13 (rows 1,200,000 to 1,300,000)...
2026-09-26 04:30:35,600 [INFO] Test Chunk 13 done. Total processed: 1,300,000 S1 entities.
2026-09-26 04:30:35,896 [INFO] Processing Test Chunk 14 (rows 1,300,000 to 1,400,000)...
2026-09-26 04:30:41,281 [INFO] Test Chunk 14 done. Total processed: 1,400,000 S1 entities.
2026-09-26 04:30:41,561 [INFO] Processing Test Chunk 15 (rows 1,400,000 to 1,500,000)...
2026-09-26 04:30:47,058 [INFO] Test Chunk 15 done. Total processed: 1,500,000 S1 entities.
2026-09-26 04:30:47,329 [INFO] Processing Test Chunk 16 (rows 1,500,000 to 1,600,000)...
2026-09-26 04:30:52,899 [INFO] Test Chunk 16 done. Total processed: 1,600,000 S1 entities.
2026-09-26 04:30:53,193 [INFO] Processing Test Chunk 17 (rows 1,600,000 to 1,700,000)...
2026-09-26 04:30:58,636 [INFO] Test Chunk 17 done. Total processed: 1,700,000 S1 entities.
2026-09-26 04:30:58,732 [INFO] Processing Test Chunk 18 (rows 1,700,000 to 1,732,544)...
2026-09-26 04:31:00,567 [INFO] Test Chunk 18 done. Total processed: 1,732,544 S1 entities.
2026-09-26 04:31:00,806 [INFO] Test Candidate Generation Completed in 96.72s!
2026-09-26 04:31:02,185 [INFO] === STEP 3: PERFORMING INTEGRITY & VALIDATION CHECKS ===
2026-09-26 04:31:08,839 [INFO] candidate_pairs_train.tsv rows: 2,206,821
2026-09-26 04:31:08,839 [INFO] candidate_pairs_test.tsv rows: 1,732,544
2026-09-26 04:31:09,491 [INFO] === STEP 5: SAVING ALL REPORTS ===
2026-09-26 04:31:09,495 [INFO] === STEP 4: GENERATING BLOCKING RULE ANALYSIS ===
2026-09-26 04:31:09,496 [INFO] Saved blocking_rule_analysis.csv
2026-09-26 04:31:09,496 [INFO] ==================================================
2026-09-26 04:31:09,496 [INFO] GO1 PHASE 3 AUTOMATIC VALIDATION CHECKLIST
2026-09-26 04:31:09,496 [INFO] ==================================================
2026-09-26 04:31:09,496 [INFO] [PASS] Training S1 count matches expected
2026-09-26 04:31:09,496 [INFO] [PASS] Test S1 count matches expected
2026-09-26 04:31:09,496 [INFO] [PASS] Every training S1 has exactly one candidate row
2026-09-26 04:31:09,496 [INFO] [PASS] Every test S1 has exactly one candidate row
2026-09-26 04:31:09,496 [INFO] [PASS] No duplicate candidate IDs within an S1
2026-09-26 04:31:09,496 [INFO] [PASS] No S1 IDs appear as candidates
2026-09-26 04:31:09,496 [INFO] [PASS] No invalid candidate IDs
2026-09-26 04:31:09,496 [INFO] [PASS] No cross-country candidates where country is available
2026-09-26 04:31:09,496 [INFO] [PASS] Training candidate recall calculated
2026-09-26 04:31:09,496 [INFO] [PASS] S1 coverage calculated
2026-09-26 04:31:09,496 [INFO] [PASS] Reports created
2026-09-26 04:31:09,497 [INFO] ==================================================
2026-09-26 04:31:09,497 [INFO] Go1 Phase 3 Candidate Generation & Optimization COMPLETED SUCCESSFULLY!
